fast-zero-py3.13) paulogoes@acerA315-53:~/Projetos/fast_zero$ task test
All checks passed!
================================================================ test session starts ================================================================
platform linux -- Python 3.13.5, pytest-9.1.1, pluggy-1.6.0 -- /home/paulogoes/Projetos/fast_zero/.venv/bin/python
cachedir: .pytest_cache
rootdir: /home/paulogoes/Projetos/fast_zero
configfile: pyproject.toml
plugins: cov-7.1.0, anyio-4.14.2
collected 11 items                                                                                                                                  

tests/test_app.py::test_read_rood_deve_retornar_OK_e_ola_mundo PASSED                                                                         [  9%]
tests/test_app.py::test_read_html_deve_retornar_OK_e_html PASSED                                                                              [ 18%]
tests/test_app.py::test_create_user PASSED                                                                                                    [ 27%]
tests/test_app.py::test_create_users_with_same_name PASSED                                                                                    [ 36%]
tests/test_app.py::test_read_users PASSED                                                                                                     [ 45%]
tests/test_app.py::test_read_users_with_user PASSED                                                                                           [ 54%]
tests/test_app.py::test_update_users FAILED                                                                                                   [ 63%]
tests/test_app.py::test_delete_user FAILED                                                                                                    [ 72%]
tests/test_app.py::test_get_token PASSED                                                                                                      [ 81%]
tests/test_db.py::test_create_user PASSED                                                                                                     [ 90%]
tests/test_security.py::test_jwt PASSED                                                                                                       [100%]/usr/lib/python3.13/collections/__init__.py:452: ResourceWarning: unclosed database in <sqlite3.Connection object at 0x7ff2e6f46d40>
  result = tuple_new(cls, iterable)
ResourceWarning: Enable tracemalloc to get the object allocation traceback


===================================================================== FAILURES ======================================================================
_________________________________________________________________ test_update_users _________________________________________________________________

client = <starlette.testclient.TestClient object at 0x7ff2e6f14d10>
user = User(id=1, username='Teste', password='$argon2id$v=19$m=65536,t=3,p=4$evS1v8snc/m0Ygo7I22LWw$69FiJ65iaaJtSbICQc+pL38NP...sever.com', created_at=datetime.datetime(2026, 9, 19, 1, 54, 22), updated_at=datetime.datetime(2026, 9, 19, 1, 54, 22))
token = 'eyJhbGciOiJIUzI1NiIsInR5cCI6IkpXVCJ9.eyJzdWIiOiJ0ZXN0ZUBzZXZlci5jb20iLCJleHAiOjE3ODk3ODQ2NjJ9.kwE7o6iqeP4W6VUjF2ndZdez0a8d-L5kAada64O2gT4'

    def test_update_users(client, user, token):
        response = client.put(
            f'/users/{user.id}',
            headers={'Authorization': f'Bearer {token}'},
            json={
                'password': 'senhanova',
                'username': 'testusername2',
                'email': 'test@test.com',
            },
        )
>       assert response.status_code == HTTPStatus.OK
E       assert 400 == <HTTPStatus.OK: 200>
E        +  where 400 = <Response [400 Bad Request]>.status_code
E        +  and   <HTTPStatus.OK: 200> = HTTPStatus.OK

tests/test_app.py:79: AssertionError
--------------------------------------------------------------- Captured stderr setup ---------------------------------------------------------------
/home/paulogoes/Projetos/fast_zero/.venv/lib/python3.13/site-packages/jwt/api_jwt.py:149: InsecureKeyLengthWarning: The HMAC key is 15 bytes long, which is below the minimum recommended length of 32 bytes for SHA256. See RFC 7518 Section 3.2.
  return self._jws.encode(
--------------------------------------------------------------- Captured stderr call ----------------------------------------------------------------
/home/paulogoes/Projetos/fast_zero/.venv/lib/python3.13/site-packages/jwt/api_jwt.py:370: InsecureKeyLengthWarning: The HMAC key is 15 bytes long, which is below the minimum recommended length of 32 bytes for SHA256. See RFC 7518 Section 3.2.
  decoded = self.decode_complete(
_________________________________________________________________ test_delete_user __________________________________________________________________

client = <starlette.testclient.TestClient object at 0x7ff2e6f15370>
user = User(id=1, username='Teste', password='$argon2id$v=19$m=65536,t=3,p=4$REt1WcCTjMtEUXaFQhBUTA$tu+gjGTKQEdfRiJNKkyyslTL1...sever.com', created_at=datetime.datetime(2026, 9, 19, 1, 54, 23), updated_at=datetime.datetime(2026, 9, 19, 1, 54, 23))

    def test_delete_user(client, user):
        response = client.delete('/users/1')
>       assert response.json() == {'message': 'User deleted'}
E       AssertionError: assert {'detail': 'Not authenticated'} == {'message': 'User deleted'}
E         
E         Left contains 1 more item:
E         {'detail': 'Not authenticated'}
E         Right contains 1 more item:
E         {'message': 'User deleted'}
E         
E         Full diff:
E           {
E         -     'message': 'User deleted',
E         +     'detail': 'Not authenticated',
E           }

tests/test_app.py:89: AssertionError
================================================================== tests coverage ===================================================================
__________________________________________________ coverage: platform linux, python 3.13.5-final-0 __________________________________________________

Name                        Stmts   Miss  Cover
-----------------------------------------------
src/fast_zero/__init__.py       0      0   100%
src/fast_zero/app.py           58     14    76%
src/fast_zero/database.py       4      0   100%
src/fast_zero/models.py        13      0   100%
src/fast_zero/schemas.py       17      0   100%
src/fast_zero/security.py      41      4    90%
src/fast_zero/settings.py       4      0   100%
-----------------------------------------------
TOTAL                         137     18    87%
============================================================== short test summary info ==============================================================
FAILED tests/test_app.py::test_update_users - assert 400 == <HTTPStatus.OK: 200>
 +  where 400 = <Response [400 Bad Request]>.status_code
 +  and   <HTTPStatus.OK: 200> = HTTPStatus.OK
FAILED tests/test_app.py::test_delete_user - AssertionError: assert {'detail': 'Not authenticated'} == {'message': 'User deleted'}
  
  Left contains 1 more item:
  {'detail': 'Not authenticated'}
  Right contains 1 more item:
  {'message': 'User deleted'}
  
  Full diff:
    {
  -     'message': 'User deleted',
  +     'detail': 'Not authenticated',
    }
============================================================ 2 failed, 9 passed in 1.29s ============================================================
/home/paulogoes/Projetos/fast_zero/.venv/lib/python3.13/site-packages/_pytest/unraisableexception.py:33: ResourceWarning: unclosed database in <sqlite3.Connection object at 0x7ff2e802a020>
  gc.collect()
ResourceWarning: Enable tracemalloc to get the object allocation traceback
